epoch=1 loss=0.6948 valid_ndcg@10=0.000269 valid_hr@10=0.000626 train_sec=1.8 epoch_sec=2.4 total_sec=2
epoch=2 loss=0.6863 valid_ndcg@10=0.000273 valid_hr@10=0.000626 train_sec=1.8 epoch_sec=2.5 total_sec=5
epoch=3 loss=0.6787 valid_ndcg@10=0.000306 valid_hr@10=0.000626 train_sec=2.0 epoch_sec=2.8 total_sec=8
epoch=4 loss=0.6706 valid_ndcg@10=0.000405 valid_hr@10=0.000894 train_sec=1.8 epoch_sec=2.5 total_sec=10
epoch=5 loss=0.6623 valid_ndcg@10=0.000476 valid_hr@10=0.001118 train_sec=1.6 epoch_sec=2.3 total_sec=13
epoch=6 loss=0.6533 valid_ndcg@10=0.000550 valid_hr@10=0.001252 train_sec=1.8 epoch_sec=2.4 total_sec=15
epoch=7 loss=0.6433 valid_ndcg@10=0.000673 valid_hr@10=0.001476 train_sec=1.5 epoch_sec=2.0 total_sec=17
epoch=8 loss=0.6324 valid_ndcg@10=0.001030 valid_hr@10=0.002236 train_sec=1.9 epoch_sec=2.5 total_sec=20
epoch=9 loss=0.6197 valid_ndcg@10=0.001550 valid_hr@10=0.003220 train_sec=1.4 epoch_sec=1.9 total_sec=22
epoch=10 loss=0.6053 valid_ndcg@10=0.002067 valid_hr@10=0.004338 train_sec=1.8 epoch_sec=2.4 total_sec=24
epoch=11 loss=0.5888 valid_ndcg@10=0.002529 valid_hr@10=0.005500 train_sec=2.1 epoch_sec=2.9 total_sec=27
epoch=12 loss=0.5702 valid_ndcg@10=0.002943 valid_hr@10=0.006708 train_sec=1.5 epoch_sec=2.2 total_sec=29
epoch=13 loss=0.5497 valid_ndcg@10=0.003287 valid_hr@10=0.007468 train_sec=1.4 epoch_sec=2.2 total_sec=31
epoch=14 loss=0.5282 valid_ndcg@10=0.003805 valid_hr@10=0.008720 train_sec=1.7 epoch_sec=2.4 total_sec=34
epoch=15 loss=0.5053 valid_ndcg@10=0.004157 valid_hr@10=0.009525 train_sec=1.5 epoch_sec=2.1 total_sec=36
epoch=16 loss=0.4825 valid_ndcg@10=0.004514 valid_hr@10=0.010553 train_sec=1.9 epoch_sec=2.5 total_sec=38
epoch=17 loss=0.4601 valid_ndcg@10=0.004843 valid_hr@10=0.011492 train_sec=1.9 epoch_sec=2.5 total_sec=41
epoch=18 loss=0.4378 valid_ndcg@10=0.005214 valid_hr@10=0.012431 train_sec=1.7 epoch_sec=2.3 total_sec=43
epoch=19 loss=0.4165 valid_ndcg@10=0.005445 valid_hr@10=0.012923 train_sec=1.6 epoch_sec=2.2 total_sec=45
epoch=20 loss=0.3957 valid_ndcg@10=0.005861 valid_hr@10=0.014130 train_sec=1.6 epoch_sec=2.4 total_sec=48
epoch=21 loss=0.3760 valid_ndcg@10=0.006100 valid_hr@10=0.014712 train_sec=2.0 epoch_sec=2.6 total_sec=50
epoch=22 loss=0.3570 valid_ndcg@10=0.006352 valid_hr@10=0.015427 train_sec=1.5 epoch_sec=2.3 total_sec=53
epoch=23 loss=0.3389 valid_ndcg@10=0.006708 valid_hr@10=0.016456 train_sec=1.7 epoch_sec=2.5 total_sec=55
epoch=24 loss=0.3218 valid_ndcg@10=0.006972 valid_hr@10=0.017216 train_sec=1.6 epoch_sec=2.5 total_sec=58
epoch=25 loss=0.3057 valid_ndcg@10=0.007158 valid_hr@10=0.017663 train_sec=2.0 epoch_sec=2.8 total_sec=61
epoch=26 loss=0.2898 valid_ndcg@10=0.007371 valid_hr@10=0.018200 train_sec=1.6 epoch_sec=2.2 total_sec=63
epoch=27 loss=0.2749 valid_ndcg@10=0.007568 valid_hr@10=0.018692 train_sec=1.7 epoch_sec=2.3 total_sec=65
epoch=28 loss=0.2608 valid_ndcg@10=0.007773 valid_hr@10=0.019273 train_sec=1.8 epoch_sec=2.6 total_sec=68
epoch=29 loss=0.2473 valid_ndcg@10=0.007942 valid_hr@10=0.019765 train_sec=1.9 epoch_sec=2.7 total_sec=70
epoch=30 loss=0.2350 valid_ndcg@10=0.008046 valid_hr@10=0.019988 train_sec=1.9 epoch_sec=2.7 total_sec=73
epoch=31 loss=0.2231 valid_ndcg@10=0.007960 valid_hr@10=0.019854 train_sec=1.7 epoch_sec=2.4 total_sec=76
epoch=32 loss=0.2116 valid_ndcg@10=0.008159 valid_hr@10=0.020391 train_sec=1.5 epoch_sec=2.1 total_sec=78
epoch=33 loss=0.2008 valid_ndcg@10=0.008327 valid_hr@10=0.020793 train_sec=1.9 epoch_sec=2.5 total_sec=80
epoch=34 loss=0.1902 valid_ndcg@10=0.008325 valid_hr@10=0.020793 train_sec=1.7 epoch_sec=2.3 total_sec=83
epoch=35 loss=0.1813 valid_ndcg@10=0.008354 valid_hr@10=0.021017 train_sec=1.8 epoch_sec=2.4 total_sec=85
epoch=36 loss=0.1722 valid_ndcg@10=0.008502 valid_hr@10=0.021375 train_sec=1.6 epoch_sec=2.2 total_sec=87
epoch=37 loss=0.1632 valid_ndcg@10=0.008523 valid_hr@10=0.021419 train_sec=1.7 epoch_sec=2.3 total_sec=89
epoch=38 loss=0.1548 valid_ndcg@10=0.008504 valid_hr@10=0.021330 train_sec=1.6 epoch_sec=2.2 total_sec=92
epoch=39 loss=0.1478 valid_ndcg@10=0.008513 valid_hr@10=0.021419 train_sec=1.5 epoch_sec=2.1 total_sec=94
epoch=40 loss=0.1407 valid_ndcg@10=0.008616 valid_hr@10=0.021688 train_sec=1.8 epoch_sec=2.4 total_sec=96
epoch=41 loss=0.1341 valid_ndcg@10=0.008622 valid_hr@10=0.021732 train_sec=1.6 epoch_sec=2.2 total_sec=98
epoch=42 loss=0.1278 valid_ndcg@10=0.008646 valid_hr@10=0.021866 train_sec=2.2 epoch_sec=2.8 total_sec=101
epoch=43 loss=0.1213 valid_ndcg@10=0.008657 valid_hr@10=0.021732 train_sec=1.4 epoch_sec=2.2 total_sec=104
epoch=44 loss=0.1160 valid_ndcg@10=0.008681 valid_hr@10=0.021822 train_sec=2.1 epoch_sec=3.0 total_sec=107
epoch=45 loss=0.1103 valid_ndcg@10=0.008801 valid_hr@10=0.022135 train_sec=1.7 epoch_sec=2.3 total_sec=109
epoch=46 loss=0.1060 valid_ndcg@10=0.008805 valid_hr@10=0.022224 train_sec=1.8 epoch_sec=2.4 total_sec=111
epoch=47 loss=0.1007 valid_ndcg@10=0.008869 valid_hr@10=0.022403 train_sec=1.3 epoch_sec=1.9 total_sec=113
epoch=48 loss=0.0970 valid_ndcg@10=0.008833 valid_hr@10=0.022403 train_sec=1.7 epoch_sec=2.3 total_sec=116
epoch=49 loss=0.0922 valid_ndcg@10=0.008844 valid_hr@10=0.022314 train_sec=1.8 epoch_sec=2.5 total_sec=118
epoch=50 loss=0.0885 valid_ndcg@10=0.008784 valid_hr@10=0.022314 train_sec=1.5 epoch_sec=2.2 total_sec=120
epoch=51 loss=0.0851 valid_ndcg@10=0.008726 valid_hr@10=0.022179 train_sec=1.7 epoch_sec=2.3 total_sec=122
epoch=52 loss=0.0811 valid_ndcg@10=0.008792 valid_hr@10=0.022314 train_sec=1.7 epoch_sec=2.4 total_sec=125
epoch=53 loss=0.0780 valid_ndcg@10=0.008791 valid_hr@10=0.022179 train_sec=1.5 epoch_sec=2.1 total_sec=127
epoch=54 loss=0.0750 valid_ndcg@10=0.008779 valid_hr@10=0.022269 train_sec=1.7 epoch_sec=2.3 total_sec=129
epoch=55 loss=0.0722 valid_ndcg@10=0.008865 valid_hr@10=0.022448 train_sec=1.7 epoch_sec=2.7 total_sec=132
epoch=56 loss=0.0692 valid_ndcg@10=0.008911 valid_hr@10=0.022627 train_sec=1.7 epoch_sec=2.3 total_sec=134
epoch=57 loss=0.0668 valid_ndcg@10=0.008812 valid_hr@10=0.022448 train_sec=1.5 epoch_sec=2.1 total_sec=137
epoch=58 loss=0.0644 valid_ndcg@10=0.008866 valid_hr@10=0.022537 train_sec=1.5 epoch_sec=2.2 total_sec=139
epoch=59 loss=0.0615 valid_ndcg@10=0.008863 valid_hr@10=0.022582 train_sec=1.7 epoch_sec=2.4 total_sec=141
epoch=60 loss=0.0592 valid_ndcg@10=0.008922 valid_hr@10=0.022850 train_sec=1.5 epoch_sec=2.1 total_sec=143
epoch=61 loss=0.0573 valid_ndcg@10=0.008978 valid_hr@10=0.023074 train_sec=1.9 epoch_sec=2.5 total_sec=146
epoch=62 loss=0.0552 valid_ndcg@10=0.008943 valid_hr@10=0.022895 train_sec=1.5 epoch_sec=2.1 total_sec=148
epoch=63 loss=0.0537 valid_ndcg@10=0.008955 valid_hr@10=0.022940 train_sec=1.7 epoch_sec=2.3 total_sec=150
epoch=64 loss=0.0511 valid_ndcg@10=0.008927 valid_hr@10=0.023074 train_sec=1.6 epoch_sec=2.2 total_sec=152
epoch=65 loss=0.0499 valid_ndcg@10=0.008874 valid_hr@10=0.022940 train_sec=1.7 epoch_sec=2.3 total_sec=155
epoch=66 loss=0.0484 valid_ndcg@10=0.008892 valid_hr@10=0.023029 train_sec=1.4 epoch_sec=2.0 total_sec=157
epoch=67 loss=0.0468 valid_ndcg@10=0.008810 valid_hr@10=0.022671 train_sec=1.7 epoch_sec=2.3 total_sec=159
epoch=68 loss=0.0452 valid_ndcg@10=0.008922 valid_hr@10=0.022984 train_sec=2.1 epoch_sec=3.1 total_sec=162
epoch=69 loss=0.0438 valid_ndcg@10=0.008907 valid_hr@10=0.022895 train_sec=1.6 epoch_sec=2.2 total_sec=164
epoch=70 loss=0.0425 valid_ndcg@10=0.008968 valid_hr@10=0.023074 train_sec=1.5 epoch_sec=2.1 total_sec=166
epoch=71 loss=0.0411 valid_ndcg@10=0.008919 valid_hr@10=0.023029 train_sec=1.7 epoch_sec=2.3 total_sec=169
epoch=72 loss=0.0400 valid_ndcg@10=0.008880 valid_hr@10=0.022984 train_sec=1.4 epoch_sec=2.0 total_sec=171
epoch=73 loss=0.0387 valid_ndcg@10=0.008881 valid_hr@10=0.022984 train_sec=1.7 epoch_sec=2.3 total_sec=173
epoch=74 loss=0.0372 valid_ndcg@10=0.008823 valid_hr@10=0.022806 train_sec=1.6 epoch_sec=2.3 total_sec=175
epoch=75 loss=0.0364 valid_ndcg@10=0.008851 valid_hr@10=0.022940 train_sec=1.8 epoch_sec=2.4 total_sec=178
epoch=76 loss=0.0353 valid_ndcg@10=0.009030 valid_hr@10=0.023432 train_sec=1.6 epoch_sec=2.2 total_sec=180
epoch=77 loss=0.0343 valid_ndcg@10=0.008983 valid_hr@10=0.023342 train_sec=1.5 epoch_sec=2.1 total_sec=182
epoch=78 loss=0.0334 valid_ndcg@10=0.008978 valid_hr@10=0.023476 train_sec=2.1 epoch_sec=2.8 total_sec=185
epoch=79 loss=0.0328 valid_ndcg@10=0.008982 valid_hr@10=0.023387 train_sec=1.5 epoch_sec=2.1 total_sec=187
epoch=80 loss=0.0317 valid_ndcg@10=0.009027 valid_hr@10=0.023476 train_sec=1.7 epoch_sec=2.4 total_sec=189
epoch=81 loss=0.0309 valid_ndcg@10=0.009057 valid_hr@10=0.023566 train_sec=1.7 epoch_sec=2.4 total_sec=192
epoch=82 loss=0.0302 valid_ndcg@10=0.008936 valid_hr@10=0.023074 train_sec=2.3 epoch_sec=3.1 total_sec=195
epoch=83 loss=0.0295 valid_ndcg@10=0.008970 valid_hr@10=0.023208 train_sec=1.8 epoch_sec=2.4 total_sec=197
epoch=84 loss=0.0287 valid_ndcg@10=0.008953 valid_hr@10=0.023297 train_sec=1.6 epoch_sec=2.2 total_sec=199
epoch=85 loss=0.0282 valid_ndcg@10=0.008907 valid_hr@10=0.023119 train_sec=1.1 epoch_sec=1.9 total_sec=201
epoch=86 loss=0.0272 valid_ndcg@10=0.008887 valid_hr@10=0.023029 train_sec=1.8 epoch_sec=2.5 total_sec=204
epoch=87 loss=0.0265 valid_ndcg@10=0.008923 valid_hr@10=0.023074 train_sec=1.9 epoch_sec=2.6 total_sec=206
epoch=88 loss=0.0258 valid_ndcg@10=0.008948 valid_hr@10=0.023074 train_sec=1.6 epoch_sec=2.3 total_sec=209
epoch=89 loss=0.0252 valid_ndcg@10=0.008848 valid_hr@10=0.023029 train_sec=1.5 epoch_sec=2.3 total_sec=211
epoch=90 loss=0.0244 valid_ndcg@10=0.008882 valid_hr@10=0.023163 train_sec=2.0 epoch_sec=2.6 total_sec=214
epoch=91 loss=0.0244 valid_ndcg@10=0.008875 valid_hr@10=0.023074 train_sec=1.7 epoch_sec=2.3 total_sec=216
epoch=92 loss=0.0239 valid_ndcg@10=0.008802 valid_hr@10=0.022806 train_sec=2.1 epoch_sec=2.9 total_sec=219
epoch=93 loss=0.0230 valid_ndcg@10=0.008750 valid_hr@10=0.022537 train_sec=1.6 epoch_sec=2.3 total_sec=221
epoch=94 loss=0.0225 valid_ndcg@10=0.008781 valid_hr@10=0.022716 train_sec=2.2 epoch_sec=3.0 total_sec=224
epoch=95 loss=0.0223 valid_ndcg@10=0.008794 valid_hr@10=0.022806 train_sec=2.0 epoch_sec=2.7 total_sec=227
epoch=96 loss=0.0220 valid_ndcg@10=0.008774 valid_hr@10=0.022761 train_sec=1.9 epoch_sec=2.7 total_sec=230
epoch=97 loss=0.0213 valid_ndcg@10=0.008740 valid_hr@10=0.022582 train_sec=2.0 epoch_sec=2.6 total_sec=232
epoch=98 loss=0.0210 valid_ndcg@10=0.008735 valid_hr@10=0.022627 train_sec=1.6 epoch_sec=2.2 total_sec=234
epoch=99 loss=0.0203 valid_ndcg@10=0.008691 valid_hr@10=0.022358 train_sec=2.0 epoch_sec=2.8 total_sec=237
epoch=100 loss=0.0199 valid_ndcg@10=0.008697 valid_hr@10=0.022448 train_sec=1.8 epoch_sec=2.4 total_sec=240
epoch=101 loss=0.0199 valid_ndcg@10=0.008644 valid_hr@10=0.022403 train_sec=1.8 epoch_sec=2.5 total_sec=242
early stop at epoch 101 (patience=20)
{
  "tag": "mf_bpr_l2e-4_s42",
  "valid": {
    "hr@5": 0.008719760318383044,
    "ndcg@5": 0.004317410184010944,
    "hr@10": 0.023565711219424943,
    "ndcg@10": 0.009057182989578982,
    "hr@20": 0.04234673344363458,
    "ndcg@20": 0.01377893974475939,
    "n": 22363.0,
    "mean_rank": 4185.48718865984
  },
  "test": {
    "hr@5": 0.004874122434378214,
    "ndcg@5": 0.002346217228172809,
    "hr@10": 0.013906899789831418,
    "ndcg@10": 0.005239316087184123,
    "hr@20": 0.02785851629924429,
    "ndcg@20": 0.008731359046124883,
    "n": 22363.0,
    "mean_rank": 4508.514734159102
  },
  "checkpoint": "results/checkpoints/mf_bpr_l2e-4_s42_best.pt"
}
wrote results/mf_bpr_l2e-4_s42_metrics.json
