epoch=0 (init=ref) valid_ndcg@10=0.051665
epoch=1 rec=6.0603 align=0.2021 pref=1.7001 valid_ndcg@10=0.050542 sec=36
epoch=2 rec=5.9803 align=0.0370 pref=0.9300 valid_ndcg@10=0.051394 sec=36
epoch=3 rec=5.9313 align=0.0225 pref=0.8033 valid_ndcg@10=0.050982 sec=36
{
  "tag": "pcdrec_pilot_s42",
  "valid": {
    "hr@5": 0.06819299736171354,
    "ndcg@5": 0.04140034693116303,
    "hr@10": 0.09998658498412556,
    "ndcg@10": 0.051665241898963,
    "hr@20": 0.13763806287170774,
    "ndcg@20": 0.0611141773028308,
    "n": 22363.0,
    "mean_rank": 2554.670393059965
  },
  "test": {
    "hr@5": 0.050753476724947455,
    "ndcg@5": 0.032360548863660486,
    "hr@10": 0.07619729016679336,
    "ndcg@10": 0.04052820891929213,
    "hr@20": 0.11107633144032554,
    "ndcg@20": 0.049328529532686224,
    "n": 22363.0,
    "mean_rank": 2833.7617940347895
  },
  "teacher_users_subset": {
    "valid": {
      "n": 60,
      "ndcg@10": 0.0846399726868188,
      "hr@10": 0.18333333333333332
    },
    "test": {
      "n": 60,
      "ndcg@10": 0.061840075362731874,
      "hr@10": 0.1
    }
  },
  "best_epoch": 0
}
