epoch=1 loss=8.5378 valid_ndcg@10=0.023056 valid_hr@10=0.046550 train_sec=35.3 epoch_sec=38.4 total_sec=38
epoch=2 loss=7.8999 valid_ndcg@10=0.029261 valid_hr@10=0.059473 train_sec=36.2 epoch_sec=39.4 total_sec=78
epoch=3 loss=7.6020 valid_ndcg@10=0.036296 valid_hr@10=0.073112 train_sec=35.6 epoch_sec=39.0 total_sec=117
epoch=4 loss=7.3870 valid_ndcg@10=0.043102 valid_hr@10=0.084067 train_sec=35.4 epoch_sec=38.5 total_sec=155
epoch=5 loss=7.2151 valid_ndcg@10=0.045336 valid_hr@10=0.089881 train_sec=35.8 epoch_sec=39.0 total_sec=194
epoch=6 loss=7.0711 valid_ndcg@10=0.048097 valid_hr@10=0.096588 train_sec=36.0 epoch_sec=39.2 total_sec=233
epoch=7 loss=6.9421 valid_ndcg@10=0.051513 valid_hr@10=0.102625 train_sec=36.1 epoch_sec=40.6 total_sec=274
epoch=8 loss=6.8158 valid_ndcg@10=0.052706 valid_hr@10=0.105308 train_sec=35.0 epoch_sec=38.0 total_sec=312
epoch=9 loss=6.7017 valid_ndcg@10=0.054449 valid_hr@10=0.108930 train_sec=37.2 epoch_sec=40.6 total_sec=353
epoch=10 loss=6.5894 valid_ndcg@10=0.053873 valid_hr@10=0.108662 train_sec=37.1 epoch_sec=40.6 total_sec=393
epoch=11 loss=6.4877 valid_ndcg@10=0.055284 valid_hr@10=0.110853 train_sec=35.1 epoch_sec=38.6 total_sec=432
epoch=12 loss=6.3900 valid_ndcg@10=0.054299 valid_hr@10=0.109243 train_sec=36.4 epoch_sec=39.6 total_sec=471
epoch=13 loss=6.2978 valid_ndcg@10=0.054692 valid_hr@10=0.110003 train_sec=36.5 epoch_sec=39.7 total_sec=511
epoch=14 loss=6.2157 valid_ndcg@10=0.053916 valid_hr@10=0.109154 train_sec=36.9 epoch_sec=40.1 total_sec=551
epoch=15 loss=6.1378 valid_ndcg@10=0.054765 valid_hr@10=0.111032 train_sec=37.3 epoch_sec=40.7 total_sec=592
epoch=16 loss=6.0635 valid_ndcg@10=0.054324 valid_hr@10=0.109735 train_sec=36.4 epoch_sec=40.1 total_sec=632
epoch=17 loss=5.9987 valid_ndcg@10=0.054442 valid_hr@10=0.110584 train_sec=43.2 epoch_sec=47.0 total_sec=679
epoch=18 loss=5.9344 valid_ndcg@10=0.053302 valid_hr@10=0.106873 train_sec=36.4 epoch_sec=39.6 total_sec=719
epoch=19 loss=5.8774 valid_ndcg@10=0.053394 valid_hr@10=0.108349 train_sec=36.6 epoch_sec=39.6 total_sec=758
epoch=20 loss=5.8213 valid_ndcg@10=0.053400 valid_hr@10=0.107275 train_sec=36.2 epoch_sec=39.5 total_sec=798
epoch=21 loss=5.7752 valid_ndcg@10=0.052521 valid_hr@10=0.104995 train_sec=36.3 epoch_sec=39.6 total_sec=837
epoch=22 loss=5.7245 valid_ndcg@10=0.052453 valid_hr@10=0.103743 train_sec=36.4 epoch_sec=39.6 total_sec=877
epoch=23 loss=5.6797 valid_ndcg@10=0.051982 valid_hr@10=0.103251 train_sec=35.9 epoch_sec=39.1 total_sec=916
epoch=24 loss=5.6358 valid_ndcg@10=0.052550 valid_hr@10=0.104235 train_sec=36.2 epoch_sec=39.5 total_sec=956
epoch=25 loss=5.5957 valid_ndcg@10=0.052638 valid_hr@10=0.103519 train_sec=35.0 epoch_sec=38.1 total_sec=994
epoch=26 loss=5.5611 valid_ndcg@10=0.052875 valid_hr@10=0.104279 train_sec=33.0 epoch_sec=35.8 total_sec=1030
epoch=27 loss=5.5223 valid_ndcg@10=0.051514 valid_hr@10=0.101909 train_sec=33.6 epoch_sec=36.8 total_sec=1066
epoch=28 loss=5.4893 valid_ndcg@10=0.051673 valid_hr@10=0.101999 train_sec=32.9 epoch_sec=36.3 total_sec=1103
epoch=29 loss=5.4569 valid_ndcg@10=0.051180 valid_hr@10=0.101328 train_sec=33.8 epoch_sec=37.0 total_sec=1140
epoch=30 loss=5.4251 valid_ndcg@10=0.051903 valid_hr@10=0.101954 train_sec=33.3 epoch_sec=36.3 total_sec=1176
epoch=31 loss=5.4020 valid_ndcg@10=0.051748 valid_hr@10=0.099852 train_sec=34.8 epoch_sec=37.8 total_sec=1214
early stop at epoch 31 (patience=20)
{
  "tag": "sasrec_t_d0.2_s45",
  "valid": {
    "hr@5": 0.07355900371148773,
    "ndcg@5": 0.04331439457787881,
    "hr@10": 0.11085274784241828,
    "ndcg@10": 0.05528395698918442,
    "hr@20": 0.15686625229173187,
    "ndcg@20": 0.06688202093436012,
    "n": 22363.0,
    "mean_rank": 2141.9527344274024
  },
  "test": {
    "hr@5": 0.056387783392210344,
    "ndcg@5": 0.034048573468032924,
    "hr@10": 0.08603496847471269,
    "ndcg@10": 0.04357209734639404,
    "hr@20": 0.12610114921969323,
    "ndcg@20": 0.053650659464363835,
    "n": 22363.0,
    "mean_rank": 2341.8150963645307
  },
  "checkpoint": "results/checkpoints/sasrec_t_d0.2_s45_best.pt"
}
wrote results/sasrec_t_d0.2_s45_metrics.json
